// Jest Snapshot v1, https://goo.gl/fbAQLP

exports[`generates correct metadata for: dynamic route 1`] = `
{
  "description": "View transaction 0x12345 on Blockscout (Blockscout) Explorer",
  "title": "Blockscout transaction 0x12345 | Blockscout",
}
`;

exports[`generates correct metadata for: dynamic route with API data 1`] = `
{
  "description": "0x12345, balances and analytics on the Blockscout (Blockscout) Explorer",
  "title": "Blockscout USDT token details | Blockscout",
}
`;

exports[`generates correct metadata for: static route 1`] = `
{
  "description": "Blockscout is the #1 open-source blockchain explorer available today. 100+ chains and counting rely on Blockscout data availability, APIs, and ecosystem tools to support their networks.",
  "title": "Blockscout blocks | Blockscout",
}
`;
